// Jest Snapshot v1, https://goo.gl/fbAQLP

exports[`snapshot: Menu component 1`] = `
<DocumentFragment>
  <nav
    class="sc-bdnylx hTGIvb"
    data-testid="menu"
  >
    <a
      class="sc-gtssRu hdObnR"
      href="#/test-slug-1"
    >
      test-title-1
    </a>
    <a
      class="sc-gtssRu hdObnR"
      href="#/test-slug-2"
    >
      test-title-2
    </a>
    <a
      class="sc-gtssRu hdObnR"
      href="#/test-slug-3"
    >
      test-title-3
    </a>
  </nav>
</DocumentFragment>
`;
