// Jest Snapshot v1, https://goo.gl/fbAQLP

exports[`snapshot: Menu component 1`] = `
<DocumentFragment>
  <nav
    class="sc-AxjAm fyOvYq"
    data-testid="menu"
  >
    <a
      class="sc-AxirZ bematR"
      href="#/"
    >
      Home
    </a>
    <a
      class="sc-AxirZ bematR"
      href="#/"
    >
      Also Home
    </a>
    <a
      class="sc-AxirZ bematR"
      href="#/"
    >
      Home Again!
    </a>
  </nav>
</DocumentFragment>
`;
