// Jest Snapshot v1, https://goo.gl/fbAQLP

exports[`snapshot: Navbar component 1`] = `
<DocumentFragment>
  <div
    class="sc-eCApGN fwKblR"
    data-testid="navbar"
  >
    <a
      data-testid="homeLink"
      href="#/"
    >
      Queer Family Tea
    </a>
    <div
      class="sc-hKFyIo lnHSxj"
      data-testid="burgermenu"
    >
      <button
        class="sc-bdnylx bimBLs"
        data-testid="burger"
      >
        <div
          data-testid="slice-one"
        />
        <div
          data-testid="slice-two"
        />
        <div
          data-testid="slice-three"
        />
      </button>
      <nav
        class="sc-gtssRu gtXGLq"
        data-testid="menu"
      >
        <a
          class="sc-dlnjPT gpLYWd"
          href="#/test-slug"
        >
          test-title
        </a>
      </nav>
    </div>
  </div>
</DocumentFragment>
`;
